\BOOKMARK [1][-]{section.1}{\376\377\000I\000n\000t\000r\000o\000d\000u\000c\000c\000i\000\363\000n}{}% 1
\BOOKMARK [2][-]{subsection.1.1}{\376\377\000P\000r\000o\000p\000\363\000s\000i\000t\000o}{section.1}% 2
\BOOKMARK [2][-]{subsection.1.2}{\376\377\000C\000o\000n\000v\000e\000n\000c\000i\000o\000n\000e\000s}{section.1}% 3
\BOOKMARK [2][-]{subsection.1.3}{\376\377\000D\000i\000a\000g\000r\000a\000m\000a\000\040\000d\000e\000\040\000r\000e\000l\000a\000c\000i\000o\000n\000e\000s\000\040\000\050\000r\000e\000s\000u\000m\000e\000n\000\051}{section.1}% 4
\BOOKMARK [1][-]{section.2}{\376\377\000T\000a\000b\000l\000a\000s\000\040\000d\000e\000l\000\040\000m\000\363\000d\000u\000l\000o\000\040\000O\000S\000I\000N\000T\000\040\040\024\000\040\000R\000e\000c\000o\000l\000e\000c\000c\000i\000\363\000n}{}% 5
\BOOKMARK [2][-]{subsection.2.1}{\376\377\000T\000a\000b\000l\000a\000:\000\040\000f\000u\000e\000n\000t\000e\000\137\000o\000s\000i\000n\000t}{section.2}% 6
\BOOKMARK [2][-]{subsection.2.2}{\376\377\000T\000a\000b\000l\000a\000:\000\040\000d\000a\000t\000o\000\137\000r\000e\000c\000o\000l\000e\000c\000t\000a\000d\000o}{section.2}% 7
\BOOKMARK [2][-]{subsection.2.3}{\376\377\000T\000a\000b\000l\000a\000:\000\040\000c\000o\000m\000e\000n\000t\000a\000r\000i\000o}{section.2}% 8
\BOOKMARK [1][-]{section.3}{\376\377\000T\000a\000b\000l\000a\000s\000\040\000d\000e\000l\000\040\000m\000\363\000d\000u\000l\000o\000\040\000E\000T\000L\000\040\040\024\000\040\000P\000r\000o\000c\000e\000s\000a\000m\000i\000e\000n\000t\000o}{}% 9
\BOOKMARK [2][-]{subsection.3.1}{\376\377\000T\000a\000b\000l\000a\000:\000\040\000d\000a\000t\000o\000\137\000p\000r\000o\000c\000e\000s\000a\000d\000o}{section.3}% 10
\BOOKMARK [1][-]{section.4}{\376\377\000T\000a\000b\000l\000a\000s\000\040\000d\000e\000l\000\040\000m\000\363\000d\000u\000l\000o\000\040\000I\000A\000\040\040\024\000\040\000A\000n\000\341\000l\000i\000s\000i\000s\000\040\000d\000e\000\040\000S\000e\000n\000t\000i\000m\000i\000e\000n\000t\000o}{}% 11
\BOOKMARK [2][-]{subsection.4.1}{\376\377\000T\000a\000b\000l\000a\000:\000\040\000a\000n\000a\000l\000i\000s\000i\000s\000\137\000s\000e\000n\000t\000i\000m\000i\000e\000n\000t\000o}{section.4}% 12
\BOOKMARK [2][-]{subsection.4.2}{\376\377\000T\000a\000b\000l\000a\000:\000\040\000a\000n\000a\000l\000i\000s\000i\000s\000\137\000c\000o\000m\000e\000n\000t\000a\000r\000i\000o}{section.4}% 13
\BOOKMARK [1][-]{section.5}{\376\377\000T\000a\000b\000l\000a\000s\000\040\000d\000e\000l\000\040\000m\000\363\000d\000u\000l\000o\000\040\000N\000L\000P\000\040\000/\000\040\000M\000L}{}% 14
\BOOKMARK [2][-]{subsection.5.1}{\376\377\000T\000a\000b\000l\000a\000:\000\040\000c\000l\000a\000s\000i\000f\000i\000c\000a\000c\000i\000o\000n\000\137\000t\000e\000m\000a\000t\000i\000c\000a}{section.5}% 15
\BOOKMARK [2][-]{subsection.5.2}{\376\377\000T\000a\000b\000l\000a\000:\000\040\000n\000l\000p\000\137\000k\000e\000y\000w\000o\000r\000d\000s}{section.5}% 16
\BOOKMARK [2][-]{subsection.5.3}{\376\377\000T\000a\000b\000l\000a\000:\000\040\000n\000l\000p\000\137\000t\000o\000p\000i\000c\000o\000s}{section.5}% 17
\BOOKMARK [2][-]{subsection.5.4}{\376\377\000T\000a\000b\000l\000a\000:\000\040\000n\000l\000p\000\137\000c\000l\000u\000s\000t\000e\000r\000s}{section.5}% 18
\BOOKMARK [2][-]{subsection.5.5}{\376\377\000T\000a\000b\000l\000a\000:\000\040\000n\000l\000p\000\137\000e\000n\000t\000i\000d\000a\000d\000e\000s}{section.5}% 19
\BOOKMARK [2][-]{subsection.5.6}{\376\377\000T\000a\000b\000l\000a\000:\000\040\000n\000l\000p\000\137\000r\000e\000s\000u\000m\000e\000n\000\137\000e\000j\000e\000c\000u\000t\000i\000v\000o}{section.5}% 20
\BOOKMARK [1][-]{section.6}{\376\377\000T\000a\000b\000l\000a\000s\000\040\000d\000e\000l\000\040\000m\000\363\000d\000u\000l\000o\000\040\000O\000S\000I\000N\000T\000\040\040\024\000\040\000I\000n\000t\000e\000l\000i\000g\000e\000n\000c\000i\000a}{}% 21
\BOOKMARK [2][-]{subsection.6.1}{\376\377\000T\000a\000b\000l\000a\000:\000\040\000o\000s\000i\000n\000t\000\137\000n\000o\000t\000i\000c\000i\000a\000s}{section.6}% 22
\BOOKMARK [2][-]{subsection.6.2}{\376\377\000T\000a\000b\000l\000a\000:\000\040\000o\000s\000i\000n\000t\000\137\000t\000e\000n\000d\000e\000n\000c\000i\000a\000s}{section.6}% 23
\BOOKMARK [2][-]{subsection.6.3}{\376\377\000T\000a\000b\000l\000a\000:\000\040\000o\000s\000i\000n\000t\000\137\000f\000u\000e\000n\000t\000e\000\137\000r\000e\000s\000u\000m\000e\000n}{section.6}% 24
\BOOKMARK [2][-]{subsection.6.4}{\376\377\000T\000a\000b\000l\000a\000:\000\040\000p\000a\000t\000r\000o\000n\000\137\000i\000d\000e\000n\000t\000i\000f\000i\000c\000a\000d\000o}{section.6}% 25
\BOOKMARK [1][-]{section.7}{\376\377\000T\000a\000b\000l\000a\000s\000\040\000d\000e\000l\000\040\000m\000\363\000d\000u\000l\000o\000\040\000d\000e\000\040\000U\000s\000u\000a\000r\000i\000o\000s\000\040\000y\000\040\000S\000e\000g\000u\000r\000i\000d\000a\000d}{}% 26
\BOOKMARK [2][-]{subsection.7.1}{\376\377\000T\000a\000b\000l\000a\000:\000\040\000u\000s\000u\000a\000r\000i\000o}{section.7}% 27
\BOOKMARK [2][-]{subsection.7.2}{\376\377\000T\000a\000b\000l\000a\000:\000\040\000l\000o\000g\000\137\000a\000c\000t\000i\000v\000i\000d\000a\000d}{section.7}% 28
\BOOKMARK [1][-]{section.8}{\376\377\000T\000a\000b\000l\000a\000s\000\040\000d\000e\000l\000\040\000m\000\363\000d\000u\000l\000o\000\040\000d\000e\000\040\000A\000l\000e\000r\000t\000a\000s}{}% 29
\BOOKMARK [2][-]{subsection.8.1}{\376\377\000T\000a\000b\000l\000a\000:\000\040\000a\000l\000e\000r\000t\000a}{section.8}% 30
\BOOKMARK [2][-]{subsection.8.2}{\376\377\000T\000a\000b\000l\000a\000:\000\040\000c\000o\000n\000f\000i\000g\000u\000r\000a\000c\000i\000o\000n\000\137\000a\000l\000e\000r\000t\000a}{section.8}% 31
\BOOKMARK [1][-]{section.9}{\376\377\000T\000a\000b\000l\000a\000s\000\040\000d\000e\000\040\000E\000v\000a\000l\000u\000a\000c\000i\000\363\000n\000\040\000y\000\040\000A\000u\000d\000i\000t\000o\000r\000\355\000a}{}% 32
\BOOKMARK [2][-]{subsection.9.1}{\376\377\000T\000a\000b\000l\000a\000:\000\040\000e\000v\000a\000l\000u\000a\000c\000i\000o\000n\000\137\000s\000i\000s\000t\000e\000m\000a}{section.9}% 33
\BOOKMARK [2][-]{subsection.9.2}{\376\377\000T\000a\000b\000l\000a\000:\000\040\000l\000o\000g\000\137\000e\000j\000e\000c\000u\000c\000i\000o\000n}{section.9}% 34
\BOOKMARK [1][-]{section.10}{\376\377\000T\000a\000b\000l\000a\000s\000\040\000d\000e\000l\000\040\000m\000\363\000d\000u\000l\000o\000\040\000d\000e\000\040\000I\000A\000\040\000A\000v\000a\000n\000z\000a\000d\000a}{}% 35
\BOOKMARK [2][-]{subsection.10.1}{\376\377\000T\000a\000b\000l\000a\000:\000\040\000a\000l\000e\000r\000t\000a\000\137\000i\000a}{section.10}% 36
\BOOKMARK [2][-]{subsection.10.2}{\376\377\000T\000a\000b\000l\000a\000:\000\040\000a\000n\000o\000m\000a\000l\000i\000a\000\137\000d\000e\000t\000e\000c\000t\000a\000d\000a}{section.10}% 37
\BOOKMARK [2][-]{subsection.10.3}{\376\377\000T\000a\000b\000l\000a\000:\000\040\000m\000o\000d\000e\000l\000o\000\137\000e\000n\000t\000r\000e\000n\000a\000m\000i\000e\000n\000t\000o}{section.10}% 38
\BOOKMARK [2][-]{subsection.10.4}{\376\377\000T\000a\000b\000l\000a\000:\000\040\000c\000l\000u\000s\000t\000e\000r\000i\000n\000g\000\137\000m\000o\000d\000e\000l\000o}{section.10}% 39
\BOOKMARK [2][-]{subsection.10.5}{\376\377\000T\000a\000b\000l\000a\000:\000\040\000c\000l\000u\000s\000t\000e\000r\000i\000n\000g\000\137\000r\000e\000s\000u\000l\000t\000a\000d\000o}{section.10}% 40
\BOOKMARK [2][-]{subsection.10.6}{\376\377\000T\000a\000b\000l\000a\000:\000\040\000a\000n\000a\000l\000i\000s\000i\000s\000\137\000t\000e\000n\000d\000e\000n\000c\000i\000a}{section.10}% 41
\BOOKMARK [2][-]{subsection.10.7}{\376\377\000T\000a\000b\000l\000a\000:\000\040\000a\000n\000o\000t\000a\000c\000i\000o\000n\000\137\000m\000a\000n\000u\000a\000l}{section.10}% 42
\BOOKMARK [2][-]{subsection.10.8}{\376\377\000T\000a\000b\000l\000a\000:\000\040\000c\000o\000r\000r\000e\000l\000a\000c\000i\000o\000n\000\137\000r\000e\000s\000u\000l\000t\000a\000d\000o}{section.10}% 43
\BOOKMARK [1][-]{section.11}{\376\377\000R\000e\000s\000u\000m\000e\000n\000\040\000e\000s\000t\000a\000d\000\355\000s\000t\000i\000c\000o}{}% 44
